<?xml version='1.0' encoding='UTF-8'?>
<TestRun xmlns="http://microsoft.com/schemas/VisualStudio/TeamTest/2010" id="1fd0420d-cb1d-300d-afd5-ae600d00f9b0" name="example">
  <Times creation="2020-03-01 20:21:40.668257" start="2020-03-01 20:21:40.675234" finish="2020-03-01 20:21:40.692147"/>
  <TestDefinitions>
    <UnitTest id="28375a2a-505b-37c1-a9bf-f9da2a481978" name="test_example.py::test_attachment">
      <TestMethod codeBase="_pytest.python" className="&lt;Module test_example.py&gt;" name="test_attachment"/>
    </UnitTest>
  </TestDefinitions>
  <Results>
    <UnitTestResult testId="28375a2a-505b-37c1-a9bf-f9da2a481978" testName="test_attachment" testType="UnitTest" testListId="c31513b8-01cb-386b-98ec-d109d2be6db4" computerName="dummy" outcome="PASSED" duration="0.0">
      <ResultFiles>
        <ResultFile path="C:\Users\dariu\PycharmProjects\pytest-trx\lena.png"/>
      </ResultFiles>
      <Output>
        <StdOut>set attachments  28375a2a-505b-37c1-a9bf-f9da2a481978 &lt;Element UnitTestResult at 0x1bd3609df08&gt; &lt;Element Results at 0x1bd3609ddc8&gt;
</StdOut>
      </Output>
    </UnitTestResult>
  </Results>
</TestRun>
